2026-03-19 20:15:34 +0000 - dagster - DEBUG - __ASSET_JOB - 66cf7ced-956f-4e85-994e-83826c405e12 - 221409 - LOGS_CAPTURED - Started capturing logs in process (pid: 221409).
2026-03-19 20:15:34 +0000 - dagster - DEBUG - __ASSET_JOB - 66cf7ced-956f-4e85-994e-83826c405e12 - 221409 - play_by_play - STEP_START - Started execution of step "play_by_play".
2026-03-19 20:15:34 +0000 - dagster - ERROR - __ASSET_JOB - 66cf7ced-956f-4e85-994e-83826c405e12 - 221409 - play_by_play - STEP_FAILURE - Execution of step "play_by_play" failed.

dagster._core.errors.DagsterExecutionStepExecutionError: Error occurred while executing op "play_by_play"::

AttributeError: This relation does not contain a column by the name of 'fetch_one'. Did you mean: 'fetchone'?

Stack Trace:
  File "/opt/dagster/app/.venv/lib/python3.12/site-packages/dagster/_core/execution/plan/utils.py", line 57, in op_execution_error_boundary
    yield
  File "/opt/dagster/app/.venv/lib/python3.12/site-packages/dagster/_utils/__init__.py", line 394, in iterate_with_context
    next_output = next(iterator)
                  ^^^^^^^^^^^^^^
  File "/opt/dagster/app/.venv/lib/python3.12/site-packages/dagster/_core/execution/plan/compute_generator.py", line 135, in _coerce_op_compute_fn_to_iterator
    result = invoke_compute_fn(
             ^^^^^^^^^^^^^^^^^^
  File "/opt/dagster/app/.venv/lib/python3.12/site-packages/dagster/_core/execution/plan/compute_generator.py", line 115, in invoke_compute_fn
    return fn(context, **args_to_pass) if context_arg_provided else fn(**args_to_pass)
           ^^^^^^^^^^^^^^^^^^^^^^^^^^^
  File "/opt/dagster/app/project/nhl/assets/nhl_games.py", line 198, in play_by_play
    check = con.sql("SELECT COUNT(*) FROM tmp_pbp_transformed").fetch_one()[0]
            ^^^^^^^^^^^^^^^^^^^^^^^^^^^^^^^^^^^^^^^^^^^^^^^^^^^^^^^^^^^^^

