2026-03-18 17:55:13 +0000 - dagster - DEBUG - __ASSET_JOB - 5be85289-d7df-4bc0-80bb-c9edbe6cdb48 - 20453 - LOGS_CAPTURED - Started capturing logs in process (pid: 20453).
2026-03-18 17:55:13 +0000 - dagster - DEBUG - __ASSET_JOB - 5be85289-d7df-4bc0-80bb-c9edbe6cdb48 - 20453 - parse_api - STEP_START - Started execution of step "parse_api".
2026-03-18 17:55:15 +0000 - dagster - ERROR - __ASSET_JOB - 5be85289-d7df-4bc0-80bb-c9edbe6cdb48 - 20453 - parse_api - STEP_FAILURE - Execution of step "parse_api" failed.

dagster._core.errors.DagsterInvariantViolationError: Error in op "parse_api": If you are returning an AssetMaterialization or an ExpectationResult from op you must yield them directly, or log them using the context.log_event method to avoid ambiguity with an implied result from returning a value. Check out the docs on logging events here: https://legacy-docs.dagster.io/concepts/ops-jobs-graphs/op-events#op-events-and-exceptions

Stack Trace:
  File "/opt/dagster/app/.venv/lib/python3.12/site-packages/dagster/_core/execution/plan/execute_plan.py", line 247, in dagster_event_sequence_for_step
    yield from check.generator(step_events)
  File "/opt/dagster/app/.venv/lib/python3.12/site-packages/dagster/_core/execution/plan/execute_step.py", line 505, in core_dagster_event_sequence_for_step
    for user_event in _step_output_error_checked_user_event_sequence(
                      ^^^^^^^^^^^^^^^^^^^^^^^^^^^^^^^^^^^^^^^^^^^^^^^
  File "/opt/dagster/app/.venv/lib/python3.12/site-packages/dagster/_core/execution/plan/execute_step.py", line 184, in _step_output_error_checked_user_event_sequence
    for user_event in user_event_sequence:
                      ^^^^^^^^^^^^^^^^^^^
  File "/opt/dagster/app/.venv/lib/python3.12/site-packages/dagster/_core/execution/plan/execute_step.py", line 88, in _process_asset_results_to_events
    for user_event in user_event_sequence:
                      ^^^^^^^^^^^^^^^^^^^
  File "/opt/dagster/app/.venv/lib/python3.12/site-packages/dagster/_core/execution/plan/compute.py", line 188, in execute_core_compute
    for step_output in _yield_compute_results(step_context, inputs, compute_fn, compute_context):
                       ^^^^^^^^^^^^^^^^^^^^^^^^^^^^^^^^^^^^^^^^^^^^^^^^^^^^^^^^^^^^^^^^^^^^^^^^^
  File "/opt/dagster/app/.venv/lib/python3.12/site-packages/dagster/_core/execution/plan/compute.py", line 157, in _yield_compute_results
    for event in iterate_with_context(
                 ^^^^^^^^^^^^^^^^^^^^^
  File "/opt/dagster/app/.venv/lib/python3.12/site-packages/dagster/_utils/__init__.py", line 394, in iterate_with_context
    next_output = next(iterator)
                  ^^^^^^^^^^^^^^
  File "/opt/dagster/app/.venv/lib/python3.12/site-packages/dagster/_core/execution/plan/compute_generator.py", line 138, in _coerce_op_compute_fn_to_iterator
    yield from validate_and_coerce_op_result_to_iterator(result, context, output_defs)
  File "/opt/dagster/app/.venv/lib/python3.12/site-packages/dagster/_core/execution/plan/compute_generator.py", line 268, in validate_and_coerce_op_result_to_iterator
    raise DagsterInvariantViolationError(

