2026-03-19 18:43:18 +0000 - dagster - DEBUG - __ASSET_JOB - 810050d2-c88f-483b-8a40-132ab8da902b - 65154 - LOGS_CAPTURED - Started capturing logs in process (pid: 65154).
2026-03-19 18:43:18 +0000 - dagster - DEBUG - __ASSET_JOB - 810050d2-c88f-483b-8a40-132ab8da902b - 65154 - game_schedule - STEP_START - Started execution of step "game_schedule".
2026-03-19 18:43:22 +0000 - dagster - ERROR - __ASSET_JOB - 810050d2-c88f-483b-8a40-132ab8da902b - 65154 - game_schedule - STEP_FAILURE - Execution of step "game_schedule" failed.

dagster._core.errors.DagsterExecutionStepExecutionError: Error occurred while executing op "game_schedule"::

_duckdb.CatalogException: Catalog Error: Table with name base_calls does not exist!
Did you mean "pg_class"?

Stack Trace:
  File "/opt/dagster/app/.venv/lib/python3.12/site-packages/dagster/_core/execution/plan/utils.py", line 57, in op_execution_error_boundary
    yield
  File "/opt/dagster/app/.venv/lib/python3.12/site-packages/dagster/_utils/__init__.py", line 394, in iterate_with_context
    next_output = next(iterator)
                  ^^^^^^^^^^^^^^
  File "/opt/dagster/app/.venv/lib/python3.12/site-packages/dagster/_core/execution/plan/compute_generator.py", line 135, in _coerce_op_compute_fn_to_iterator
    result = invoke_compute_fn(
             ^^^^^^^^^^^^^^^^^^
  File "/opt/dagster/app/.venv/lib/python3.12/site-packages/dagster/_core/execution/plan/compute_generator.py", line 115, in invoke_compute_fn
    return fn(context, **args_to_pass) if context_arg_provided else fn(**args_to_pass)
           ^^^^^^^^^^^^^^^^^^^^^^^^^^^
  File "/opt/dagster/app/project/nhl/assets/nhl_games.py", line 74, in game_schedule
    res = con.sql(f"""
          ^^^^^^^^^^^^

