[0m19:31:15.167012 [debug] [MainThread]: Sending event: {'category': 'dbt', 'action': 'invocation', 'label': 'start', 'context': [<snowplow_tracker.self_describing_json.SelfDescribingJson object at 0x7ca553b1fc80>, <snowplow_tracker.self_describing_json.SelfDescribingJson object at 0x7ca556df0b30>, <snowplow_tracker.self_describing_json.SelfDescribingJson object at 0x7ca5542c9520>]}


============================== 19:31:15.174602 | 6b952c51-5cbb-4e56-9be6-6ea8ced0a9af ==============================
[0m19:31:15.174602 [info ] [MainThread]: Running with dbt=1.11.7
[0m19:31:15.176201 [debug] [MainThread]: running dbt with arguments {'log_cache_events': 'False', 'send_anonymous_usage_stats': 'True', 'target_path': 'None', 'version_check': 'True', 'empty': 'None', 'log_path': 'dbt/logs', 'partial_parse': 'True', 'printer_width': '80', 'quiet': 'False', 'write_json': 'True', 'fail_fast': 'False', 'use_colors': 'True', 'use_experimental_parser': 'False', 'profiles_dir': '/opt/dagster/app/dbt', 'no_print': 'None', 'static_parser': 'True', 'warn_error': 'None', 'invocation_command': 'dbt debug --project-dir dbt', 'cache_selected_only': 'False', 'debug': 'False', 'indirect_selection': 'eager', 'warn_error_options': 'WarnErrorOptionsV2(error=[], warn=[], silence=[])', 'log_format': 'default', 'introspect': 'True'}
[0m19:31:15.195631 [info ] [MainThread]: dbt version: 1.11.7
[0m19:31:15.196351 [info ] [MainThread]: python version: 3.12.12
[0m19:31:15.197259 [info ] [MainThread]: python path: /opt/dagster/app/.venv/bin/python
[0m19:31:15.198343 [info ] [MainThread]: os info: Linux-6.6.87.2-microsoft-standard-WSL2-x86_64-with-glibc2.36
[0m19:31:15.204906 [info ] [MainThread]: Using profiles dir at /opt/dagster/app/dbt
[0m19:31:15.205580 [info ] [MainThread]: Using profiles.yml file at /opt/dagster/app/dbt/profiles.yml
[0m19:31:15.207607 [info ] [MainThread]: Using dbt_project.yml file at dbt/dbt_project.yml
[0m19:31:15.590304 [info ] [MainThread]: Configuration:
[0m19:31:15.590981 [info ] [MainThread]:   profiles.yml file [[31mERROR invalid[0m]
[0m19:31:15.591745 [info ] [MainThread]:   dbt_project.yml file [[32mOK found and valid[0m]
[0m19:31:15.592520 [info ] [MainThread]: Required dependencies:
[0m19:31:15.593313 [debug] [MainThread]: Executing "git --help"
[0m19:31:15.599796 [debug] [MainThread]: STDOUT: "b"usage: git [-v | --version] [-h | --help] [-C <path>] [-c <name>=<value>]\n           [--exec-path[=<path>]] [--html-path] [--man-path] [--info-path]\n           [-p | --paginate | -P | --no-pager] [--no-replace-objects] [--bare]\n           [--git-dir=<path>] [--work-tree=<path>] [--namespace=<name>]\n           [--super-prefix=<path>] [--config-env=<name>=<envvar>]\n           <command> [<args>]\n\nThese are common Git commands used in various situations:\n\nstart a working area (see also: git help tutorial)\n   clone     Clone a repository into a new directory\n   init      Create an empty Git repository or reinitialize an existing one\n\nwork on the current change (see also: git help everyday)\n   add       Add file contents to the index\n   mv        Move or rename a file, a directory, or a symlink\n   restore   Restore working tree files\n   rm        Remove files from the working tree and from the index\n\nexamine the history and state (see also: git help revisions)\n   bisect    Use binary search to find the commit that introduced a bug\n   diff      Show changes between commits, commit and working tree, etc\n   grep      Print lines matching a pattern\n   log       Show commit logs\n   show      Show various types of objects\n   status    Show the working tree status\n\ngrow, mark and tweak your common history\n   branch    List, create, or delete branches\n   commit    Record changes to the repository\n   merge     Join two or more development histories together\n   rebase    Reapply commits on top of another base tip\n   reset     Reset current HEAD to the specified state\n   switch    Switch branches\n   tag       Create, list, delete or verify a tag object signed with GPG\n\ncollaborate (see also: git help workflows)\n   fetch     Download objects and refs from another repository\n   pull      Fetch from and integrate with another repository or a local branch\n   push      Update remote refs along with associated objects\n\n'git help -a' and 'git help -g' list available subcommands and some\nconcept guides. See 'git help <command>' or 'git help <concept>'\nto read about a specific subcommand or concept.\nSee 'git help git' for an overview of the system.\n""
[0m19:31:15.600564 [debug] [MainThread]: STDERR: "b''"
[0m19:31:15.601253 [info ] [MainThread]:  - git [[32mOK found[0m]

[0m19:31:15.602190 [info ] [MainThread]: Connection test skipped since no profile was found
[0m19:31:15.603177 [info ] [MainThread]: [31m1 check failed:[0m
[0m19:31:15.604060 [info ] [MainThread]: Profile loading failed for the following reason:
Runtime Error
  Could not find profile named 'nhl_project'


[0m19:31:15.606475 [debug] [MainThread]: Resource report: {"command_name": "debug", "command_success": false, "command_wall_clock_time": 0.6111822, "process_in_blocks": "0", "process_kernel_time": 0.658617, "process_mem_max_rss": "104848", "process_out_blocks": "16", "process_user_time": 3.30536}
[0m19:31:15.607393 [debug] [MainThread]: Command `dbt debug` failed at 19:31:15.607206 after 0.61 seconds
[0m19:31:15.607915 [debug] [MainThread]: Sending event: {'category': 'dbt', 'action': 'invocation', 'label': 'end', 'context': [<snowplow_tracker.self_describing_json.SelfDescribingJson object at 0x7ca553b1fc80>, <snowplow_tracker.self_describing_json.SelfDescribingJson object at 0x7ca5542caa20>, <snowplow_tracker.self_describing_json.SelfDescribingJson object at 0x7ca5546d9df0>]}
[0m19:31:15.608467 [debug] [MainThread]: Flushing usage events
[0m19:31:16.245178 [debug] [MainThread]: An error was encountered while trying to flush usage events
[0m19:32:01.181165 [debug] [MainThread]: Sending event: {'category': 'dbt', 'action': 'invocation', 'label': 'start', 'context': [<snowplow_tracker.self_describing_json.SelfDescribingJson object at 0x7e217f9e8890>, <snowplow_tracker.self_describing_json.SelfDescribingJson object at 0x7e217c34be60>, <snowplow_tracker.self_describing_json.SelfDescribingJson object at 0x7e217cc5bd40>]}


============================== 19:32:01.187478 | 18c06a95-6144-4fc4-b3f3-23c848461f31 ==============================
[0m19:32:01.187478 [info ] [MainThread]: Running with dbt=1.11.7
[0m19:32:01.188718 [debug] [MainThread]: running dbt with arguments {'send_anonymous_usage_stats': 'True', 'printer_width': '80', 'cache_selected_only': 'False', 'debug': 'False', 'empty': 'None', 'target_path': 'None', 'log_cache_events': 'False', 'partial_parse': 'True', 'warn_error': 'None', 'write_json': 'True', 'static_parser': 'True', 'version_check': 'True', 'invocation_command': 'dbt debug', 'indirect_selection': 'eager', 'log_path': '/opt/dagster/app/dbt/logs', 'no_print': 'None', 'warn_error_options': 'WarnErrorOptionsV2(error=[], warn=[], silence=[])', 'use_colors': 'True', 'introspect': 'True', 'use_experimental_parser': 'False', 'profiles_dir': '/opt/dagster/app/dbt', 'fail_fast': 'False', 'quiet': 'False', 'log_format': 'default'}
[0m19:32:01.204941 [info ] [MainThread]: dbt version: 1.11.7
[0m19:32:01.205557 [info ] [MainThread]: python version: 3.12.12
[0m19:32:01.206285 [info ] [MainThread]: python path: /opt/dagster/app/.venv/bin/python
[0m19:32:01.207278 [info ] [MainThread]: os info: Linux-6.6.87.2-microsoft-standard-WSL2-x86_64-with-glibc2.36
[0m19:32:01.213110 [info ] [MainThread]: Using profiles dir at /opt/dagster/app/dbt
[0m19:32:01.213723 [info ] [MainThread]: Using profiles.yml file at /opt/dagster/app/dbt/profiles.yml
[0m19:32:01.214318 [info ] [MainThread]: Using dbt_project.yml file at /opt/dagster/app/dbt/dbt_project.yml
[0m19:32:01.442903 [info ] [MainThread]: Configuration:
[0m19:32:01.443572 [info ] [MainThread]:   profiles.yml file [[31mERROR invalid[0m]
[0m19:32:01.444215 [info ] [MainThread]:   dbt_project.yml file [[32mOK found and valid[0m]
[0m19:32:01.445130 [info ] [MainThread]: Required dependencies:
[0m19:32:01.445871 [debug] [MainThread]: Executing "git --help"
[0m19:32:01.450808 [debug] [MainThread]: STDOUT: "b"usage: git [-v | --version] [-h | --help] [-C <path>] [-c <name>=<value>]\n           [--exec-path[=<path>]] [--html-path] [--man-path] [--info-path]\n           [-p | --paginate | -P | --no-pager] [--no-replace-objects] [--bare]\n           [--git-dir=<path>] [--work-tree=<path>] [--namespace=<name>]\n           [--super-prefix=<path>] [--config-env=<name>=<envvar>]\n           <command> [<args>]\n\nThese are common Git commands used in various situations:\n\nstart a working area (see also: git help tutorial)\n   clone     Clone a repository into a new directory\n   init      Create an empty Git repository or reinitialize an existing one\n\nwork on the current change (see also: git help everyday)\n   add       Add file contents to the index\n   mv        Move or rename a file, a directory, or a symlink\n   restore   Restore working tree files\n   rm        Remove files from the working tree and from the index\n\nexamine the history and state (see also: git help revisions)\n   bisect    Use binary search to find the commit that introduced a bug\n   diff      Show changes between commits, commit and working tree, etc\n   grep      Print lines matching a pattern\n   log       Show commit logs\n   show      Show various types of objects\n   status    Show the working tree status\n\ngrow, mark and tweak your common history\n   branch    List, create, or delete branches\n   commit    Record changes to the repository\n   merge     Join two or more development histories together\n   rebase    Reapply commits on top of another base tip\n   reset     Reset current HEAD to the specified state\n   switch    Switch branches\n   tag       Create, list, delete or verify a tag object signed with GPG\n\ncollaborate (see also: git help workflows)\n   fetch     Download objects and refs from another repository\n   pull      Fetch from and integrate with another repository or a local branch\n   push      Update remote refs along with associated objects\n\n'git help -a' and 'git help -g' list available subcommands and some\nconcept guides. See 'git help <command>' or 'git help <concept>'\nto read about a specific subcommand or concept.\nSee 'git help git' for an overview of the system.\n""
[0m19:32:01.451388 [debug] [MainThread]: STDERR: "b''"
[0m19:32:01.451900 [info ] [MainThread]:  - git [[32mOK found[0m]

[0m19:32:01.452443 [info ] [MainThread]: Connection test skipped since no profile was found
[0m19:32:01.453018 [info ] [MainThread]: [31m1 check failed:[0m
[0m19:32:01.453615 [info ] [MainThread]: Profile loading failed for the following reason:
Runtime Error
  Could not find profile named 'nhl_project'


[0m19:32:01.455129 [debug] [MainThread]: Resource report: {"command_name": "debug", "command_success": false, "command_wall_clock_time": 0.40155354, "process_in_blocks": "0", "process_kernel_time": 0.555328, "process_mem_max_rss": "105176", "process_out_blocks": "16", "process_user_time": 2.549646}
[0m19:32:01.455853 [debug] [MainThread]: Command `dbt debug` failed at 19:32:01.455694 after 0.40 seconds
[0m19:32:01.456377 [debug] [MainThread]: Sending event: {'category': 'dbt', 'action': 'invocation', 'label': 'end', 'context': [<snowplow_tracker.self_describing_json.SelfDescribingJson object at 0x7e217d19f7a0>, <snowplow_tracker.self_describing_json.SelfDescribingJson object at 0x7e217ca49910>, <snowplow_tracker.self_describing_json.SelfDescribingJson object at 0x7e217cc7dfd0>]}
[0m19:32:01.456878 [debug] [MainThread]: Flushing usage events
[0m19:32:02.064341 [debug] [MainThread]: An error was encountered while trying to flush usage events
[0m19:33:09.658075 [debug] [MainThread]: Sending event: {'category': 'dbt', 'action': 'invocation', 'label': 'start', 'context': [<snowplow_tracker.self_describing_json.SelfDescribingJson object at 0x771babbacfe0>, <snowplow_tracker.self_describing_json.SelfDescribingJson object at 0x771bac26acc0>, <snowplow_tracker.self_describing_json.SelfDescribingJson object at 0x771babe64b00>]}


============================== 19:33:09.667809 | 2b3290dc-ded6-4ea2-b7b0-0ecafb9c2d90 ==============================
[0m19:33:09.667809 [info ] [MainThread]: Running with dbt=1.11.7
[0m19:33:09.669047 [debug] [MainThread]: running dbt with arguments {'debug': 'False', 'log_path': '/opt/dagster/app/dbt/logs', 'warn_error': 'None', 'printer_width': '80', 'partial_parse': 'True', 'write_json': 'True', 'send_anonymous_usage_stats': 'True', 'cache_selected_only': 'False', 'version_check': 'True', 'introspect': 'True', 'log_cache_events': 'False', 'no_print': 'None', 'empty': 'None', 'invocation_command': 'dbt debug', 'profiles_dir': '/opt/dagster/app/dbt', 'log_format': 'default', 'quiet': 'False', 'fail_fast': 'False', 'static_parser': 'True', 'warn_error_options': 'WarnErrorOptionsV2(error=[], warn=[], silence=[])', 'use_colors': 'True', 'indirect_selection': 'eager', 'use_experimental_parser': 'False', 'target_path': 'None'}
[0m19:33:09.697165 [info ] [MainThread]: dbt version: 1.11.7
[0m19:33:09.698064 [info ] [MainThread]: python version: 3.12.12
[0m19:33:09.699781 [info ] [MainThread]: python path: /opt/dagster/app/.venv/bin/python
[0m19:33:09.701039 [info ] [MainThread]: os info: Linux-6.6.87.2-microsoft-standard-WSL2-x86_64-with-glibc2.36
[0m19:33:09.926359 [info ] [MainThread]: Using profiles dir at /opt/dagster/app/dbt
[0m19:33:09.927387 [info ] [MainThread]: Using profiles.yml file at /opt/dagster/app/dbt/profiles.yml
[0m19:33:09.928407 [info ] [MainThread]: Using dbt_project.yml file at /opt/dagster/app/dbt/dbt_project.yml
[0m19:33:09.929660 [info ] [MainThread]: adapter type: trino
[0m19:33:09.931118 [info ] [MainThread]: adapter version: 1.10.1
[0m19:33:10.600547 [info ] [MainThread]: Configuration:
[0m19:33:10.602535 [info ] [MainThread]:   profiles.yml file [[32mOK found and valid[0m]
[0m19:33:10.606189 [info ] [MainThread]:   dbt_project.yml file [[32mOK found and valid[0m]
[0m19:33:10.609629 [info ] [MainThread]: Required dependencies:
[0m19:33:10.610689 [debug] [MainThread]: Executing "git --help"
[0m19:33:10.621505 [debug] [MainThread]: STDOUT: "b"usage: git [-v | --version] [-h | --help] [-C <path>] [-c <name>=<value>]\n           [--exec-path[=<path>]] [--html-path] [--man-path] [--info-path]\n           [-p | --paginate | -P | --no-pager] [--no-replace-objects] [--bare]\n           [--git-dir=<path>] [--work-tree=<path>] [--namespace=<name>]\n           [--super-prefix=<path>] [--config-env=<name>=<envvar>]\n           <command> [<args>]\n\nThese are common Git commands used in various situations:\n\nstart a working area (see also: git help tutorial)\n   clone     Clone a repository into a new directory\n   init      Create an empty Git repository or reinitialize an existing one\n\nwork on the current change (see also: git help everyday)\n   add       Add file contents to the index\n   mv        Move or rename a file, a directory, or a symlink\n   restore   Restore working tree files\n   rm        Remove files from the working tree and from the index\n\nexamine the history and state (see also: git help revisions)\n   bisect    Use binary search to find the commit that introduced a bug\n   diff      Show changes between commits, commit and working tree, etc\n   grep      Print lines matching a pattern\n   log       Show commit logs\n   show      Show various types of objects\n   status    Show the working tree status\n\ngrow, mark and tweak your common history\n   branch    List, create, or delete branches\n   commit    Record changes to the repository\n   merge     Join two or more development histories together\n   rebase    Reapply commits on top of another base tip\n   reset     Reset current HEAD to the specified state\n   switch    Switch branches\n   tag       Create, list, delete or verify a tag object signed with GPG\n\ncollaborate (see also: git help workflows)\n   fetch     Download objects and refs from another repository\n   pull      Fetch from and integrate with another repository or a local branch\n   push      Update remote refs along with associated objects\n\n'git help -a' and 'git help -g' list available subcommands and some\nconcept guides. See 'git help <command>' or 'git help <concept>'\nto read about a specific subcommand or concept.\nSee 'git help git' for an overview of the system.\n""
[0m19:33:10.623573 [debug] [MainThread]: STDERR: "b''"
[0m19:33:10.624767 [info ] [MainThread]:  - git [[32mOK found[0m]

[0m19:33:10.626101 [info ] [MainThread]: Connection:
[0m19:33:10.628814 [info ] [MainThread]:   host: trino
[0m19:33:10.632704 [info ] [MainThread]:   port: 8080
[0m19:33:10.637060 [info ] [MainThread]:   user: admin
[0m19:33:10.638346 [info ] [MainThread]:   database: iceberg
[0m19:33:10.639714 [info ] [MainThread]:   schema: silver
[0m19:33:10.640876 [info ] [MainThread]:   cert: None
[0m19:33:10.642068 [info ] [MainThread]:   prepared_statements_enabled: True
[0m19:33:10.651701 [info ] [MainThread]: Registered adapter: trino=1.10.1
[0m19:33:11.043746 [debug] [MainThread]: Acquiring new trino connection 'debug'
[0m19:33:11.131849 [debug] [MainThread]: Using trino connection "debug"
[0m19:33:11.132526 [debug] [MainThread]: On debug: select 1 as id
[0m19:33:11.133137 [debug] [MainThread]: Opening a new connection, currently in state init
[0m19:33:11.133600 [warn ] [MainThread]: [[33mWARNING[0m]: SSL certificate validation is disabled by default. It is legacy behavior which will be changed in future releases. It is strongly advised to enable `require_certificate_validation` flag or explicitly set `cert` configuration to `True` for security reasons. You may receive an error after that if your SSL setup is incorrect.
You may opt into the new behavior sooner by setting `flags.require_certificate_validation` to `True` in `dbt_project.yml`.
Visit https://docs.getdbt.com/reference/global-configs/behavior-changes for more information.
[0m19:33:11.134582 [debug] [MainThread]: Sending event: {'category': 'dbt', 'action': 'BehaviorChangeEvent', 'label': '2b3290dc-ded6-4ea2-b7b0-0ecafb9c2d90', 'context': [<snowplow_tracker.self_describing_json.SelfDescribingJson object at 0x771bab09e210>]}
[0m19:33:11.252737 [debug] [MainThread]: SQL status: SUCCESS in 0.119 seconds
[0m19:33:11.256415 [debug] [MainThread]: On debug: Close
[0m19:33:11.258411 [info ] [MainThread]:   Connection test: [[32mOK connection ok[0m]

[0m19:33:11.261133 [info ] [MainThread]: [32mAll checks passed![0m
[0m19:33:11.264646 [debug] [MainThread]: Resource report: {"command_name": "debug", "command_success": true, "command_wall_clock_time": 1.8137974, "process_in_blocks": "552", "process_kernel_time": 0.871588, "process_mem_max_rss": "111548", "process_out_blocks": "24", "process_user_time": 5.126749}
[0m19:33:11.267995 [debug] [MainThread]: Command `dbt debug` succeeded at 19:33:11.267403 after 1.82 seconds
[0m19:33:11.269006 [debug] [MainThread]: Connection 'debug' was properly closed.
[0m19:33:11.270161 [debug] [MainThread]: Sending event: {'category': 'dbt', 'action': 'invocation', 'label': 'end', 'context': [<snowplow_tracker.self_describing_json.SelfDescribingJson object at 0x771bab4f74d0>, <snowplow_tracker.self_describing_json.SelfDescribingJson object at 0x771bab3d2fc0>, <snowplow_tracker.self_describing_json.SelfDescribingJson object at 0x771bab413710>]}
[0m19:33:11.271273 [debug] [MainThread]: Flushing usage events
[0m19:33:11.939990 [debug] [MainThread]: An error was encountered while trying to flush usage events
[0m19:44:32.952105 [debug] [MainThread]: Sending event: {'category': 'dbt', 'action': 'invocation', 'label': 'start', 'context': [<snowplow_tracker.self_describing_json.SelfDescribingJson object at 0x7ac05ecbb980>, <snowplow_tracker.self_describing_json.SelfDescribingJson object at 0x7ac05ea1a480>, <snowplow_tracker.self_describing_json.SelfDescribingJson object at 0x7ac05ea1b1a0>]}


============================== 19:44:32.959375 | d288005e-8890-412c-be56-d7b9cdbb8adb ==============================
[0m19:44:32.959375 [info ] [MainThread]: Running with dbt=1.11.7
[0m19:44:32.961062 [debug] [MainThread]: running dbt with arguments {'log_cache_events': 'False', 'use_experimental_parser': 'False', 'printer_width': '80', 'invocation_command': 'dbt parse --project-dir dbt', 'target_path': 'None', 'cache_selected_only': 'False', 'warn_error_options': 'WarnErrorOptionsV2(error=[], warn=[], silence=[])', 'log_path': 'dbt/logs', 'no_print': 'None', 'warn_error': 'None', 'debug': 'False', 'fail_fast': 'False', 'send_anonymous_usage_stats': 'True', 'write_json': 'True', 'use_colors': 'True', 'log_format': 'default', 'profiles_dir': '/opt/dagster/app/dbt', 'version_check': 'True', 'introspect': 'True', 'indirect_selection': 'eager', 'empty': 'None', 'partial_parse': 'True', 'quiet': 'False', 'static_parser': 'True'}
[0m19:44:34.022741 [debug] [MainThread]: Sending event: {'category': 'dbt', 'action': 'project_id', 'label': 'd288005e-8890-412c-be56-d7b9cdbb8adb', 'context': [<snowplow_tracker.self_describing_json.SelfDescribingJson object at 0x7ac05d8d77a0>]}
[0m19:44:34.285552 [debug] [MainThread]: Sending event: {'category': 'dbt', 'action': 'adapter_info', 'label': 'd288005e-8890-412c-be56-d7b9cdbb8adb', 'context': [<snowplow_tracker.self_describing_json.SelfDescribingJson object at 0x7ac05e748140>]}
[0m19:44:34.286687 [info ] [MainThread]: Registered adapter: trino=1.10.1
[0m19:44:34.655590 [debug] [MainThread]: checksum: b80718358155fc17c3559352095564dd56ada1cc1a1c0ef2e62c857e71583775, vars: {}, profile: , target: , version: 1.11.7
[0m19:44:34.657994 [info ] [MainThread]: Unable to do partial parsing because saved manifest not found. Starting full parse.
[0m19:44:34.659487 [debug] [MainThread]: Sending event: {'category': 'dbt', 'action': 'partial_parser', 'label': 'd288005e-8890-412c-be56-d7b9cdbb8adb', 'context': [<snowplow_tracker.self_describing_json.SelfDescribingJson object at 0x7ac05d65a9f0>]}
[0m19:44:37.836307 [error] [MainThread]: Encountered an error:
Compilation Error
  Model 'model.nhl_project.nhl_game_team_stats_f' (models/gold/nhl_game_team_stats_f.sql) depends on a source named 'iceberg_raw.nhl_play_by_play' which was not found
[0m19:44:37.837444 [debug] [MainThread]: Resource report: {"command_name": "parse", "command_success": false, "command_wall_clock_time": 5.223082, "process_in_blocks": "1240", "process_kernel_time": 1.42955, "process_mem_max_rss": "119004", "process_out_blocks": "16", "process_user_time": 7.433663}
[0m19:44:37.838020 [debug] [MainThread]: Command `dbt parse` failed at 19:44:37.837874 after 5.22 seconds
[0m19:44:37.838510 [debug] [MainThread]: Sending event: {'category': 'dbt', 'action': 'invocation', 'label': 'end', 'context': [<snowplow_tracker.self_describing_json.SelfDescribingJson object at 0x7ac05e459e80>, <snowplow_tracker.self_describing_json.SelfDescribingJson object at 0x7ac05d480bf0>, <snowplow_tracker.self_describing_json.SelfDescribingJson object at 0x7ac05d636030>]}
[0m19:44:37.839006 [debug] [MainThread]: Flushing usage events
[0m19:44:38.469540 [debug] [MainThread]: An error was encountered while trying to flush usage events
