2026-03-18 17:39:14 +0000 - dagster - DEBUG - __ASSET_JOB - cb1c7dfb-7422-4799-b0df-25691ddc1dad - 10036 - LOGS_CAPTURED - Started capturing logs in process (pid: 10036).
2026-03-18 17:39:14 +0000 - dagster - DEBUG - __ASSET_JOB - cb1c7dfb-7422-4799-b0df-25691ddc1dad - 10036 - parse_api - STEP_START - Started execution of step "parse_api".
2026-03-18 17:39:14 +0000 - dagster - ERROR - __ASSET_JOB - cb1c7dfb-7422-4799-b0df-25691ddc1dad - 10036 - parse_api - STEP_FAILURE - Execution of step "parse_api" failed.

dagster._core.errors.DagsterExecutionStepExecutionError: Error occurred while executing op "parse_api"::

AttributeError: '_GeneratorContextManager' object has no attribute 'execute'

Stack Trace:
  File "/opt/dagster/app/.venv/lib/python3.12/site-packages/dagster/_core/execution/plan/utils.py", line 57, in op_execution_error_boundary
    yield
  File "/opt/dagster/app/.venv/lib/python3.12/site-packages/dagster/_utils/__init__.py", line 394, in iterate_with_context
    next_output = next(iterator)
                  ^^^^^^^^^^^^^^
  File "/opt/dagster/app/.venv/lib/python3.12/site-packages/dagster/_core/execution/plan/compute_generator.py", line 135, in _coerce_op_compute_fn_to_iterator
    result = invoke_compute_fn(
             ^^^^^^^^^^^^^^^^^^
  File "/opt/dagster/app/.venv/lib/python3.12/site-packages/dagster/_core/execution/plan/compute_generator.py", line 115, in invoke_compute_fn
    return fn(context, **args_to_pass) if context_arg_provided else fn(**args_to_pass)
                                                                    ^^^^^^^^^^^^^^^^^^
  File "/opt/dagster/app/project/nhl/assets/nhl_games.py", line 10, in parse_api
    with duckdb.get_connection() as con:
         ^^^^^^^^^^^^^^^^^^^^^^^
  File "/opt/dagster/app/project/resources.py", line 66, in get_connection
    self._setup_iceberg(conn)
  File "/opt/dagster/app/project/resources.py", line 34, in _setup_iceberg
    conn.execute("INSTALL httpfs; LOAD httpfs;")
    ^^^^^^^^^^^^

