2026-03-19 20:08:01 +0000 - dagster - DEBUG - __ASSET_JOB - e7327151-8118-43d9-8be5-6462e175eae2 - 210142 - LOGS_CAPTURED - Started capturing logs in process (pid: 210142).
2026-03-19 20:08:01 +0000 - dagster - DEBUG - __ASSET_JOB - e7327151-8118-43d9-8be5-6462e175eae2 - 210142 - play_by_play - STEP_START - Started execution of step "play_by_play".
2026-03-19 20:08:03 +0000 - dagster - ERROR - __ASSET_JOB - e7327151-8118-43d9-8be5-6462e175eae2 - 210142 - play_by_play - STEP_FAILURE - Execution of step "play_by_play" failed.

dagster._core.errors.DagsterExecutionStepExecutionError: Error occurred while executing op "play_by_play"::

_duckdb.BinderException: Binder Error: Referenced column "home_team_id" not found in FROM clause!
Candidate bindings: "home_team_defending_side", "game_id", "event_id", "event_owner_team_id", "game_date"

LINE 50:                         WHEN (event_owner_team_id = home_team_id AND home_team_defending_side = 'right')
                                                             ^

Stack Trace:
  File "/opt/dagster/app/.venv/lib/python3.12/site-packages/dagster/_core/execution/plan/utils.py", line 57, in op_execution_error_boundary
    yield
  File "/opt/dagster/app/.venv/lib/python3.12/site-packages/dagster/_utils/__init__.py", line 394, in iterate_with_context
    next_output = next(iterator)
                  ^^^^^^^^^^^^^^
  File "/opt/dagster/app/.venv/lib/python3.12/site-packages/dagster/_core/execution/plan/compute_generator.py", line 135, in _coerce_op_compute_fn_to_iterator
    result = invoke_compute_fn(
             ^^^^^^^^^^^^^^^^^^
  File "/opt/dagster/app/.venv/lib/python3.12/site-packages/dagster/_core/execution/plan/compute_generator.py", line 115, in invoke_compute_fn
    return fn(context, **args_to_pass) if context_arg_provided else fn(**args_to_pass)
           ^^^^^^^^^^^^^^^^^^^^^^^^^^^
  File "/opt/dagster/app/project/nhl/assets/nhl_games.py", line 195, in play_by_play
    con.execute(pbp_query)

