2026-03-18 17:36:48 +0000 - dagster - DEBUG - __ASSET_JOB - 129300bf-20c2-4047-9b6e-cebf9d25450d - 8379 - LOGS_CAPTURED - Started capturing logs in process (pid: 8379).
2026-03-18 17:36:48 +0000 - dagster - DEBUG - __ASSET_JOB - 129300bf-20c2-4047-9b6e-cebf9d25450d - 8379 - parse_api - STEP_START - Started execution of step "parse_api".
2026-03-18 17:36:48 +0000 - dagster - ERROR - __ASSET_JOB - 129300bf-20c2-4047-9b6e-cebf9d25450d - 8379 - parse_api - STEP_FAILURE - Execution of step "parse_api" failed.

dagster._core.errors.DagsterExecutionStepExecutionError: Error occurred while executing op "parse_api"::

_duckdb.BinderException: Binder Error: Catalog "dev" does not exist!

Stack Trace:
  File "/opt/dagster/app/.venv/lib/python3.12/site-packages/dagster/_core/execution/plan/utils.py", line 57, in op_execution_error_boundary
    yield
  File "/opt/dagster/app/.venv/lib/python3.12/site-packages/dagster/_utils/__init__.py", line 394, in iterate_with_context
    next_output = next(iterator)
                  ^^^^^^^^^^^^^^
  File "/opt/dagster/app/.venv/lib/python3.12/site-packages/dagster/_core/execution/plan/compute_generator.py", line 135, in _coerce_op_compute_fn_to_iterator
    result = invoke_compute_fn(
             ^^^^^^^^^^^^^^^^^^
  File "/opt/dagster/app/.venv/lib/python3.12/site-packages/dagster/_core/execution/plan/compute_generator.py", line 115, in invoke_compute_fn
    return fn(context, **args_to_pass) if context_arg_provided else fn(**args_to_pass)
                                                                    ^^^^^^^^^^^^^^^^^^
  File "/opt/dagster/app/project/nhl/assets/nhl_games.py", line 11, in parse_api
    df = con.sql("""
         ^^^^^^^^^^^

