2026-03-18 17:53:40 +0000 - dagster - DEBUG - __ASSET_JOB - 191b5d8b-30e2-4bde-9636-e1863b778ecf - 19236 - LOGS_CAPTURED - Started capturing logs in process (pid: 19236).
2026-03-18 17:53:40 +0000 - dagster - DEBUG - __ASSET_JOB - 191b5d8b-30e2-4bde-9636-e1863b778ecf - 19236 - parse_api - STEP_START - Started execution of step "parse_api".
2026-03-18 17:54:12 +0000 - dagster - ERROR - __ASSET_JOB - 191b5d8b-30e2-4bde-9636-e1863b778ecf - 19236 - parse_api - STEP_FAILURE - Execution of step "parse_api" failed.

dagster._core.errors.DagsterExecutionStepExecutionError: Error occurred while executing op "parse_api"::

AttributeError: module 'dagster' has no attribute 'Materialization'. Did you mean: 'AssetMaterialization'?

Stack Trace:
  File "/opt/dagster/app/.venv/lib/python3.12/site-packages/dagster/_core/execution/plan/utils.py", line 57, in op_execution_error_boundary
    yield
  File "/opt/dagster/app/.venv/lib/python3.12/site-packages/dagster/_utils/__init__.py", line 394, in iterate_with_context
    next_output = next(iterator)
                  ^^^^^^^^^^^^^^
  File "/opt/dagster/app/.venv/lib/python3.12/site-packages/dagster/_core/execution/plan/compute_generator.py", line 135, in _coerce_op_compute_fn_to_iterator
    result = invoke_compute_fn(
             ^^^^^^^^^^^^^^^^^^
  File "/opt/dagster/app/.venv/lib/python3.12/site-packages/dagster/_core/execution/plan/compute_generator.py", line 115, in invoke_compute_fn
    return fn(context, **args_to_pass) if context_arg_provided else fn(**args_to_pass)
                                                                    ^^^^^^^^^^^^^^^^^^
  File "/opt/dagster/app/project/nhl/assets/nhl_games.py", line 72, in parse_api
    return dg.Materialization(
           ^^^^^^^^^^^^^^^^^^
  File "/opt/dagster/app/.venv/lib/python3.12/site-packages/dagster/__init__.py", line 786, in __getattr__
    raise AttributeError(f"module '{__name__}' has no attribute '{name}'")

